// Jest Snapshot v1, https://goo.gl/fbAQLP

exports[`DatePickerMenu.vue should match snapshot 1`] = `
<div data-app="true" class="v-application v-application--is-ltr theme--light" id="app">
  <div class="v-application--wrap">
    <div class="v-menu">
      <div class="v-input input-lg v-input--is-label-active v-input--is-dirty theme--light v-text-field">
        <div class="v-input__control">
          <div class="v-input__slot">
            <div class="v-text-field__slot"><label for="input-7" class="v-label v-label--active theme--light" style="left: 0px; position: absolute;">Geburtstag</label><input required="required" role="button" aria-haspopup="true" aria-expanded="false" id="input-7" type="text"></div>
          </div>
          <div class="v-text-field__details">
            <div class="v-messages theme--light">
              <transition-group-stub tag="div" name="message-transition" class="v-messages__wrapper"></transition-group-stub>
            </div>
          </div>
        </div>
      </div>
      <!---->
    </div>
  </div>
</div>
`;
